// Jest Snapshot v1, https://goo.gl/fbAQLP

exports[`computes part costs: cost calcs 1`] = `
Array [
  Object {
    "automation_cost": 821.917808219178,
    "labor_cost": 1298080.9620340148,
    "machine_cost": 24.924370475942847,
    "part": "aaa",
    "parts_completed": 240,
  },
  Object {
    "automation_cost": 821.917808219178,
    "labor_cost": 1655523.5457825116,
    "machine_cost": 35.82595186816961,
    "part": "bbb",
    "parts_completed": 307,
  },
  Object {
    "automation_cost": 821.917808219178,
    "labor_cost": 2064029.3557807938,
    "machine_cost": 102.69565292984005,
    "part": "ccc",
    "parts_completed": 383,
  },
  Object {
    "automation_cost": 821.917808219178,
    "labor_cost": 1083077.904140182,
    "machine_cost": 53.19519293243262,
    "part": "xxx",
    "parts_completed": 402,
  },
  Object {
    "automation_cost": 821.917808219178,
    "labor_cost": 1056202.521903453,
    "machine_cost": 71.2062591214296,
    "part": "yyy",
    "parts_completed": 392,
  },
  Object {
    "automation_cost": 821.917808219178,
    "labor_cost": 665165.7103590448,
    "machine_cost": 117.85120280917151,
    "part": "zzz",
    "parts_completed": 247,
  },
]
`;

exports[`computes part costs: cost clipboard table 1`] = `
<div>
  <table>
    

    <thead>
      <tr>
        <th>
          Part
        </th>
        <th>
          Completed Quantity
        </th>
        <th>
          Machine Cost
        </th>
        <th>
          Labor Cost
        </th>
        <th>
          Automation Cost
        </th>
        <th>
          Total
        </th>
      </tr>
    </thead>
    

    <tbody>
      

      <tr>
        <td>
          aaa
        </td>
        <td>
          240
        </td>
        <td>
          0.1
        </td>
        <td>
          5,408.7
        </td>
        <td>
          3.4
        </td>
        <td>
          5,412.2
        </td>
      </tr>
      

      <tr>
        <td>
          bbb
        </td>
        <td>
          307
        </td>
        <td>
          0.1
        </td>
        <td>
          5,392.6
        </td>
        <td>
          2.7
        </td>
        <td>
          5,395.4
        </td>
      </tr>
      

      <tr>
        <td>
          ccc
        </td>
        <td>
          383
        </td>
        <td>
          0.3
        </td>
        <td>
          5,389.1
        </td>
        <td>
          2.1
        </td>
        <td>
          5,391.5
        </td>
      </tr>
      

      <tr>
        <td>
          xxx
        </td>
        <td>
          402
        </td>
        <td>
          0.1
        </td>
        <td>
          2,694.2
        </td>
        <td>
          2
        </td>
        <td>
          2,696.4
        </td>
      </tr>
      

      <tr>
        <td>
          yyy
        </td>
        <td>
          392
        </td>
        <td>
          0.2
        </td>
        <td>
          2,694.4
        </td>
        <td>
          2.1
        </td>
        <td>
          2,696.7
        </td>
      </tr>
      

      <tr>
        <td>
          zzz
        </td>
        <td>
          247
        </td>
        <td>
          0.5
        </td>
        <td>
          2,693
        </td>
        <td>
          3.3
        </td>
        <td>
          2,696.8
        </td>
      </tr>
      

    </tbody>
    

  </table>
</div>
`;
