// Vitest Snapshot v1, https://vitest.dev/guide/snapshot.html

exports[`bins actual cycles by day > cycles binned by day and part 1`] = `
Map {
  "{day: 2018-03-04T06:00:00.000Z}, part: partC-2}" => {
    "activeMachineMins": 20,
    "count": 1,
  },
  "{day: 2018-03-04T06:00:00.000Z}, part: partz-3}" => {
    "activeMachineMins": 15,
    "count": 1,
  },
}
`;

exports[`bins actual cycles by day > heatmap clipboard table 1`] = `
<div>
  <table>
    

    <thead>
      <tr>
        <th>
          Part
        </th>
        <th>
          Expected Cycle Mins
        </th>
        <th>
          Sun Mar 04 2018 Completed
        </th>
        <th>
          Sun Mar 04 2018 Std. Hours
        </th>
      </tr>
    </thead>
    

    <tbody>
      

      <tr>
        <th>
          partC-2
        </th>
        <th>
          20.0
        </th>
        <td>
          1
        </td>
        <td>
          0.3
        </td>
      </tr>
      

      <tr>
        <th>
          partz-3
        </th>
        <th>
          15.0
        </th>
        <td>
          1
        </td>
        <td>
          0.3
        </td>
      </tr>
      

    </tbody>
    

  </table>
</div>
`;
